###############################################################################
#                                                                             #
# IAR ELF Linker V6.70.1.5641/W32 for ARM               11/Mar/2016  20:00:43 #
# Copyright 2007-2013 IAR Systems AB.                                         #
#                                                                             #
#    Output file  =  D:\ESAT\freescale\begin\NEW_µç¸Ð\Prj\IAR\DZ10_Release\Ex #
#                    e\vcan_Kinetis.out                                       #
#    Map file     =  D:\ESAT\freescale\begin\NEW_µç¸Ð\Prj\IAR\DZ10_Release\Li #
#                    st\vcan_Kinetis.map                                      #
#    Command line =  D:\ESAT\freescale\begin\NEW_µç¸Ð\Prj\IAR\DZ10_Release\Ob #
#                    j\balance.o D:\ESAT\freescale\begin\NEW_µç¸Ð\Prj\IAR\DZ1 #
#                    0_Release\Obj\filter.o D:\ESAT\freescale\begin\NEW_µç¸Ð\ #
#                    Prj\IAR\DZ10_Release\Obj\IIC.o                           #
#                    D:\ESAT\freescale\begin\NEW_µç¸Ð\Prj\IAR\DZ10_Release\Ob #
#                    j\key.o D:\ESAT\freescale\begin\NEW_µç¸Ð\Prj\IAR\DZ10_Re #
#                    lease\Obj\l3g4200.o D:\ESAT\freescale\begin\NEW_µç¸Ð\Prj #
#                    \IAR\DZ10_Release\Obj\main.o                             #
#                    D:\ESAT\freescale\begin\NEW_µç¸Ð\Prj\IAR\DZ10_Release\Ob #
#                    j\misc.o D:\ESAT\freescale\begin\NEW_µç¸Ð\Prj\IAR\DZ10_R #
#                    elease\Obj\MK60_adc.o D:\ESAT\freescale\begin\NEW_µç¸Ð\P #
#                    rj\IAR\DZ10_Release\Obj\MK60_conf.o                      #
#                    D:\ESAT\freescale\begin\NEW_µç¸Ð\Prj\IAR\DZ10_Release\Ob #
#                    j\MK60_DWT.o D:\ESAT\freescale\begin\NEW_µç¸Ð\Prj\IAR\DZ #
#                    10_Release\Obj\MK60_flash.o                              #
#                    D:\ESAT\freescale\begin\NEW_µç¸Ð\Prj\IAR\DZ10_Release\Ob #
#                    j\MK60_ftm.o D:\ESAT\freescale\begin\NEW_µç¸Ð\Prj\IAR\DZ #
#                    10_Release\Obj\MK60_gpio.o D:\ESAT\freescale\begin\NEW_µ #
#                    ç¸Ð\Prj\IAR\DZ10_Release\Obj\MK60_i2c.o                  #
#                    D:\ESAT\freescale\begin\NEW_µç¸Ð\Prj\IAR\DZ10_Release\Ob #
#                    j\MK60_it.o D:\ESAT\freescale\begin\NEW_µç¸Ð\Prj\IAR\DZ1 #
#                    0_Release\Obj\MK60_lptmr.o D:\ESAT\freescale\begin\NEW_µ #
#                    ç¸Ð\Prj\IAR\DZ10_Release\Obj\MK60_mcg.o                  #
#                    D:\ESAT\freescale\begin\NEW_µç¸Ð\Prj\IAR\DZ10_Release\Ob #
#                    j\MK60_PIT.o D:\ESAT\freescale\begin\NEW_µç¸Ð\Prj\IAR\DZ #
#                    10_Release\Obj\MK60_port.o D:\ESAT\freescale\begin\NEW_µ #
#                    ç¸Ð\Prj\IAR\DZ10_Release\Obj\MK60_rtc.o                  #
#                    D:\ESAT\freescale\begin\NEW_µç¸Ð\Prj\IAR\DZ10_Release\Ob #
#                    j\MK60_spi.o D:\ESAT\freescale\begin\NEW_µç¸Ð\Prj\IAR\DZ #
#                    10_Release\Obj\MK60_SysTick.o                            #
#                    D:\ESAT\freescale\begin\NEW_µç¸Ð\Prj\IAR\DZ10_Release\Ob #
#                    j\MK60_uart.o D:\ESAT\freescale\begin\NEW_µç¸Ð\Prj\IAR\D #
#                    Z10_Release\Obj\MK60_wdog.o                              #
#                    D:\ESAT\freescale\begin\NEW_µç¸Ð\Prj\IAR\DZ10_Release\Ob #
#                    j\oled.o D:\ESAT\freescale\begin\NEW_µç¸Ð\Prj\IAR\DZ10_R #
#                    elease\Obj\startup_MK60DZ10.o                            #
#                    D:\ESAT\freescale\begin\NEW_µç¸Ð\Prj\IAR\DZ10_Release\Ob #
#                    j\system_MK60DZ10.o D:\ESAT\freescale\begin\NEW_µç¸Ð\Prj #
#                    \IAR\DZ10_Release\Obj\VCAN_computer.o                    #
#                    D:\ESAT\freescale\begin\NEW_µç¸Ð\Prj\IAR\DZ10_Release\Ob #
#                    j\VCAN_key.o D:\ESAT\freescale\begin\NEW_µç¸Ð\Prj\IAR\DZ #
#                    10_Release\Obj\VCAN_LED.o D:\ESAT\freescale\begin\NEW_µç #
#                    ¸Ð\Prj\IAR\DZ10_Release\Obj\VCAN_MMA7455.o               #
#                    D:\ESAT\freescale\begin\NEW_µç¸Ð\Prj\IAR\DZ10_Release\Ob #
#                    j\VCAN_NRF24L0.o D:\ESAT\freescale\begin\NEW_µç¸Ð\Prj\IA #
#                    R\DZ10_Release\Obj\VCAN_RTC_count.o                      #
#                    D:\ESAT\freescale\begin\NEW_µç¸Ð\Prj\IAR\DZ10_Release\Ob #
#                    j\vectors.o --redirect _Printf=_PrintfLargeNoMb          #
#                    --redirect _Scanf=_ScanfLargeNoMb -o                     #
#                    D:\ESAT\freescale\begin\NEW_µç¸Ð\Prj\IAR\DZ10_Release\Ex #
#                    e\vcan_Kinetis.out --map D:\ESAT\freescale\begin\NEW_µç¸ #
#                    Ð\Prj\IAR\DZ10_Release\List\vcan_Kinetis.map --config    #
#                    "D:\ESAT\freescale\begin\NEW_µç¸Ð\Prj\IAR\config         #
#                    files\vcan_ROM_K60N512.icf"                              #
#                    D:\ESAT\freescale\begin\NEW_µç¸Ð\Prj\IAR\..\..\Lib\CMSIS #
#                    \iar_cortexM4l_math.a --entry __iar_program_start        #
#                    --redirect __write=__write_buffered --inline --vfe       #
#                                                                             #
#                                                                             #
###############################################################################

*******************************************************************************
*** RUNTIME MODEL ATTRIBUTES
***

CppFlavor       = *
__SystemLibrary = DLib


*******************************************************************************
*** PLACEMENT SUMMARY
***

"A1":  place at 0x00000000 { ro section .intvec };
"A2":  place at 0x00000410 { ro section .noinit };
"P1":  place in [from 0x00000000 to 0x00080000] { ro, block CodeRelocate };
"P2":  place in [from 0x1fff0410 to 0x20010000] {
          rw, block CodeRelocateRam, block CSTACK, block HEAP };

  Section              Kind        Address    Size  Object
  -------              ----        -------    ----  ------
"A1":                                        0x410
  .intvec              const    0x00000000   0x410  vectors.o [1]
                              - 0x00000410   0x410

"P1", part 1 of 2:                             0x0
  .rodata              const    0x00000410     0x0  zero_init3.o [5]

"A2":                                          0x8
  .noinit              ro code  0x00000410     0x8  startup_MK60DZ10.o [1]
                              - 0x00000418     0x8

"P1", part 2 of 2:                          0x38d4
  .text                ro code  0x00000418   0xe14  oled.o [1]
  .text                ro code  0x0000122c    0x48  MK60_gpio.o [1]
  .text                ro code  0x00001274    0x34  MK60_SysTick.o [1]
  .text                ro code  0x000012a8    0x74  MK60_port.o [1]
  .text                ro code  0x0000131c   0x7f0  main.o [1]
  .text                ro code  0x00001b0c   0x200  MK60_ftm.o [1]
  .text                ro code  0x00001d0c    0x84  FltAdd.o [4]
  .text                ro code  0x00001d90    0xd8  FltMul.o [4]
  .text                ro code  0x00001e68    0x44  FltToS32.o [4]
  .text                ro code  0x00001eac    0x4e  FltToDbl.o [4]
  .text                ro code  0x00001efa    0x22  zero_init3.o [5]
  .text                ro code  0x00001f1c   0x1a2  DblMul.o [4]
  .text                ro code  0x000020c0    0x90  DblToFlt.o [4]
  .text                ro code  0x00002150    0x2e  I32ToFlt.o [4]
  .text                ro code  0x00002180    0xe6  FltSub.o [4]
  .text                ro code  0x00002268    0xe8  DblAdd.o [4]
  .text                ro code  0x00002350    0xfc  FltDiv.o [4]
  .text                ro code  0x0000244c    0x2c  I32ToDbl.o [4]
  .text                ro code  0x00002478   0x180  DblSub.o [4]
  .text                ro code  0x000025f8    0x4c  DblToI32.o [4]
  .text                ro code  0x00002644   0x686  IIC.o [1]
  .text                ro code  0x00002ccc   0x128  MK60_adc.o [1]
  .text                ro code  0x00002df4    0xcc  atan2.o [4]
  .text                ro code  0x00002ec0   0x246  DblDiv.o [4]
  .text                ro code  0x00003108    0x40  filter.o [1]
  .text                ro code  0x00003148   0x17c  MK60_uart.o [1]
  .text                ro code  0x000032c4    0x24  FltToU32.o [4]
  .text                ro code  0x000032e8    0x24  FltCmpLe.o [4]
  .text                ro code  0x0000330c   0x12c  key.o [1]
  .text                ro code  0x00003438    0x3c  MK60_PIT.o [1]
  .text                ro code  0x00003474    0x18  misc.o [1]
  .text                ro code  0x0000348c    0x32  xdtest.o [4]
  .text                ro code  0x000034c0    0x2e  DblCmpLe.o [4]
  .text                ro code  0x000034f0   0x1e0  xatan.o [4]
  .text                ro code  0x000036d0    0x2e  DblCmpGe.o [4]
  Veneer               ro code  0x00003700     0x8  - Linker created -
  .text                ro code  0x00003708   0x1b4  MK60_mcg.o [1]
  .data_init                    0x000038bc   0x19c  <Block>
    Initializer bytes  ro data  0x000038bc   0x19c  <for .data-1>
  .text                ro code  0x00003a58    0xcc  system_MK60DZ10.o [1]
  .text                ro code  0x00003b24    0x2c  MK60_wdog.o [1]
  .text                ro code  0x00003b50    0x76  ABImemcpy_unaligned.o [5]
  .text                ro code  0x00003bc8     0x6  ABImemclr.o [5]
  .text                ro code  0x00003bd0    0x5e  ABImemset.o [5]
  CodeRelocate                  0x00003c30    0x3c  <Block>
    Initializer bytes  ro data  0x00003c30    0x3c  <for CodeRelocateRam-1>
  .text                ro code  0x00003c6c    0x28  data_init.o [5]
  .iar.init_table      const    0x00003c94    0x10  - Linker created -
  .text                ro code  0x00003ca4    0x1a  cmain.o [5]
  .text                ro code  0x00003cbe     0x4  exit.o [3]
  .text                ro code  0x00003cc4     0xa  cexit.o [5]
  .text                ro code  0x00003cd0     0xc  XXexit.o [5]
  .text                ro code  0x00003cdc     0xc  cstartup_M.o [5]
  .text                ro code  0x00003ce8     0x4  MK60_conf.o [1]
                              - 0x00003cec  0x38d4

"P2", part 1 of 2:                           0x1d8
  .data                         0x1fff0410   0x19c  <Block>
    .data-1                     0x1fff0410   0x19c  <Init block>
      .data            inited   0x1fff0410    0x74  filter.o [1]
      .data            inited   0x1fff0484     0x1  key.o [1]
      .data            inited   0x1fff0488    0x7c  main.o [1]
      .data            inited   0x1fff0504     0x8  MK60_adc.o [1]
      .data            inited   0x1fff050c    0x18  MK60_ftm.o [1]
      .data            inited   0x1fff0524    0x14  MK60_gpio.o [1]
      .data            inited   0x1fff0538    0x44  MK60_mcg.o [1]
      .data            inited   0x1fff057c     0x4  MK60_mcg.o [1]
      .data            inited   0x1fff0580    0x14  MK60_port.o [1]
      .data            inited   0x1fff0594    0x18  MK60_uart.o [1]
  CodeRelocateRam               0x1fff05ac    0x3c  <Block>
    CodeRelocateRam-1           0x1fff05ac    0x3c  <Init block>
      .textrw          inited   0x1fff05ac    0x3c  MK60_mcg.o [1]
                              - 0x1fff05e8   0x1d8

"P2", part 2 of 2:                           0x43c
  .bss                          0x1fff05e8   0x43c  <Block>
    .bss               zero     0x1fff05e8     0xe  l3g4200.o [1]
    .bss               zero     0x1fff05f8    0x20  main.o [1]
    .bss               zero     0x1fff0618   0x400  oled.o [1]
    .bss               zero     0x1fff0a18     0xc  system_MK60DZ10.o [1]
                              - 0x1fff0a24   0x43c


*******************************************************************************
*** INIT TABLE
***

          Address     Size
          -------     ----
Zero (__iar_zero_init3)
    1 destination range, total size 0x43c:
          0x1fff05e8  0x43c



*******************************************************************************
*** MODULE SUMMARY
***

    Module                 ro code  rw code  ro data  rw data
    ------                 -------  -------  -------  -------
D:\ESAT\freescale\begin\NEW_µç¸Ð\Prj\IAR\DZ10_Release\Obj: [1]
    IIC.o                    1 670
    MK60_PIT.o                  60
    MK60_SysTick.o              52
    MK60_adc.o                 296                 8        8
    MK60_conf.o                  4
    MK60_ftm.o                 512                24       24
    MK60_gpio.o                 72                20       20
    MK60_mcg.o                 436       60      132       72
    MK60_port.o                116                20       20
    MK60_uart.o                380                24       24
    MK60_wdog.o                 44
    filter.o                    64               116      116
    key.o                      300                 1        1
    l3g4200.o                                              14
    main.o                   2 032               127      156
    misc.o                      24
    oled.o                   3 604                      1 024
    startup_MK60DZ10.o           8
    system_MK60DZ10.o          204                         12
    vectors.o                                  1 040
    ---------------------------------------------------------
    Total:                   9 878       60    1 512    1 491

command line: [2]
    ---------------------------------------------------------
    Total:

dl7M_tlf.a: [3]
    exit.o                       4
    ---------------------------------------------------------
    Total:                       4

m7M_tl.a: [4]
    DblAdd.o                   232
    DblCmpGe.o                  46
    DblCmpLe.o                  46
    DblDiv.o                   582
    DblMul.o                   418
    DblSub.o                   384
    DblToFlt.o                 144
    DblToI32.o                  76
    FltAdd.o                   132
    FltCmpLe.o                  36
    FltDiv.o                   252
    FltMul.o                   216
    FltSub.o                   230
    FltToDbl.o                  78
    FltToS32.o                  68
    FltToU32.o                  36
    I32ToDbl.o                  44
    I32ToFlt.o                  46
    atan2.o                    204
    xatan.o                    480
    xdtest.o                    50
    ---------------------------------------------------------
    Total:                   3 800

rt7M_tl.a: [5]
    ABImemclr.o                  6
    ABImemcpy_unaligned.o      118
    ABImemset.o                 94
    XXexit.o                    12
    cexit.o                     10
    cmain.o                     26
    cstartup_M.o                12
    data_init.o                 40
    zero_init3.o                34
    ---------------------------------------------------------
    Total:                     352

    Gaps                        24                          5
    Linker created               8                16
-------------------------------------------------------------
    Grand Total:            14 066       60    1 528    1 496


*******************************************************************************
*** ENTRY LIST
***

Entry                      Address   Size  Type      Object
-----                      -------   ----  ----      ------
.bss$$Base              0x1fff05e8          --   Gb  - Linker created -
.bss$$Limit             0x1fff0a24          --   Gb  - Linker created -
.data$$Base             0x1fff0410          --   Gb  - Linker created -
.data$$Limit            0x1fff05ac          --   Gb  - Linker created -
.data_init$$Base        0x000038bc          --   Gb  - Linker created -
.data_init$$Limit       0x00003a58          --   Gb  - Linker created -
?main                   0x00003ca5         Code  Gb  cmain.o [5]
ADCN                    0x1fff0504    0x8  Data  Gb  MK60_adc.o [1]
Accel_X                 0x1fff048c    0x2  Data  Gb  main.o [1]
Accel_Y                 0x1fff048e    0x2  Data  Gb  main.o [1]
Accel_Z                 0x1fff0490    0x2  Data  Gb  main.o [1]
Angle_Balance           0x1fff04a4    0x4  Data  Gb  main.o [1]
Angle_Up                0x1fff0498    0x2  Data  Gb  main.o [1]
Angle_err               0x1fff0464    0x4  Data  Gb  filter.o [1]
B_D                     0x1fff04e8    0x4  Data  Gb  main.o [1]
B_P                     0x1fff04e4    0x4  Data  Gb  main.o [1]
Balance_Pwm             0x1fff04c0    0x4  Data  Gb  main.o [1]
C_0                     0x1fff0430    0x1  Data  Gb  filter.o [1]
CodeRelocate$$Base      0x00003c30          --   Gb  - Linker created -
CodeRelocate$$Limit     0x00003c6c          --   Gb  - Linker created -
CodeRelocateRam$$Base   0x1fff05ac          --   Gb  - Linker created -
CodeRelocateRam$$Limit  0x1fff05e8          --   Gb  - Linker created -
Count                   0x1fff04dc    0x4  Data  Gb  main.o [1]
E                       0x1fff0470    0x4  Data  Gb  filter.o [1]
Encoder_Left            0x1fff049a    0x2  Data  Gb  main.o [1]
Encoder_Right           0x1fff049c    0x2  Data  Gb  main.o [1]
FTMN                    0x1fff050c    0xc  Data  Gb  MK60_ftm.o [1]
FTM_port_mux            0x00001b0d   0xac  Code  Lc  MK60_ftm.o [1]
Flag_stop               0x1fff0488    0x1  Data  Gb  main.o [1]
GPIOX                   0x1fff0524   0x14  Data  Gb  MK60_gpio.o [1]
GYRO_OFFSET_X           0x1fff05f0    0x2  Data  Gb  l3g4200.o [1]
GYRO_OFFSET_Y           0x1fff05f2    0x2  Data  Gb  l3g4200.o [1]
GYRO_OFFSET_Z           0x1fff05f4    0x2  Data  Gb  l3g4200.o [1]
GYRO_SET_OFFSET1        0x0000160f   0x52  Code  Gb  main.o [1]
Get_Gyro                0x00002c41   0x8a  Code  Gb  IIC.o [1]
Get_Senser              0x00001661  0x112  Code  Gb  main.o [1]
Get_Senser_L            0x00001773   0x32  Code  Gb  main.o [1]
Gyro_Balance            0x1fff04d4    0x4  Data  Gb  main.o [1]
Gyro_Turn               0x1fff04d8    0x4  Data  Gb  main.o [1]
Gyro_X                  0x1fff0492    0x2  Data  Gb  main.o [1]
Gyro_Y                  0x1fff0494    0x2  Data  Gb  main.o [1]
Gyro_Z                  0x1fff0496    0x2  Data  Gb  main.o [1]
IIC_start               0x00002645  0x12c  Code  Gb  IIC.o [1]
IIC_stop                0x00002771  0x14c  Code  Gb  IIC.o [1]
Init_L3G4200D           0x00002bb9   0x88  Code  Gb  IIC.o [1]
K1                      0x1fff0444    0x4  Data  Gb  filter.o [1]
K2                      0x1fff0434    0x4  Data  Gb  filter.o [1]
KEY_Init                0x0000330d   0x84  Code  Gb  key.o [1]
KEY_Scan                0x00003391   0x7e  Code  Gb  key.o [1]
KEY_Scan_bm0            0x00003419    0xe  Code  Gb  key.o [1]
KEY_Scan_bm1            0x0000340f    0xa  Code  Gb  key.o [1]
K_0                     0x1fff0474    0x4  Data  Gb  filter.o [1]
K_1                     0x1fff0478    0x4  Data  Gb  filter.o [1]
L3g4200_Reedbuf         0x1fff05e8    0x8  Data  Gb  l3g4200.o [1]
L_Left                  0x1fff049e    0x2  Data  Gb  main.o [1]
L_Right                 0x1fff04a0    0x2  Data  Gb  main.o [1]
Moto1                   0x1fff04cc    0x4  Data  Gb  main.o [1]
Moto2                   0x1fff04d0    0x4  Data  Gb  main.o [1]
Movement                0x1fff04e0    0x4  Data  Gb  main.o [1]
OLED_Clear              0x000004fd   0x2a  Code  Gb  oled.o [1]
OLED_Display_On         0x000004e1   0x1c  Code  Gb  oled.o [1]
OLED_DrawPoint          0x00000527   0x3c  Code  Gb  oled.o [1]
OLED_GRAM               0x1fff0618  0x400  Data  Gb  oled.o [1]
OLED_Init               0x000006b1  0x108  Code  Gb  oled.o [1]
OLED_Refresh_Gram       0x00000419   0x94  Code  Gb  oled.o [1]
OLED_ShowChar           0x00000563   0x8c  Code  Gb  oled.o [1]
OLED_ShowNumber         0x000005ef   0x7c  Code  Gb  oled.o [1]
OLED_ShowString         0x00000671   0x40  Code  Gb  oled.o [1]
OLED_WR_Byte            0x000004ad   0x34  Code  Gb  oled.o [1]
PCt_0                   0x1fff0468    0x4  Data  Gb  filter.o [1]
PCt_1                   0x1fff046c    0x4  Data  Gb  filter.o [1]
PIT1_IRQHandler         0x0000131d  0x110  Code  Gb  main.o [1]
PORTX                   0x1fff0580   0x14  Data  Gb  MK60_port.o [1]
PP                      0x1fff0420   0x10  Data  Gb  filter.o [1]
PWM_Init                0x00001557   0x3a  Code  Gb  main.o [1]
Pdot                    0x1fff0410   0x10  Data  Gb  filter.o [1]
Q_angle                 0x1fff0450    0x4  Data  Gb  filter.o [1]
Q_bias                  0x1fff0460    0x4  Data  Gb  filter.o [1]
Q_gyro                  0x1fff0454    0x4  Data  Gb  filter.o [1]
R_angle                 0x1fff0458    0x4  Data  Gb  filter.o [1]
Region$$Table$$Base     0x00003c94          --   Gb  - Linker created -
Region$$Table$$Limit    0x00003ca4          --   Gb  - Linker created -
Reset_Handler           0x00000411         Code  Gb  startup_MK60DZ10.o [1]
Send_Senser             0x000017a5   0x6c  Code  Gb  main.o [1]
Set_Pwm                 0x00001591   0x7e  Code  Gb  main.o [1]
T_D                     0x1fff04f4    0x4  Data  Gb  main.o [1]
T_P                     0x1fff04f0    0x4  Data  Gb  main.o [1]
Turn_Pwm                0x1fff04c8    0x4  Data  Gb  main.o [1]
UARTN                   0x1fff0594   0x18  Data  Gb  MK60_uart.o [1]
V_P                     0x1fff04ec    0x4  Data  Gb  main.o [1]
Velocity_Pwm            0x1fff04c4    0x4  Data  Gb  main.o [1]
Yijielvbo               0x00003109   0x3a  Code  Gb  filter.o [1]
__BOOT_STACK_ADDRESS {Abs}
                        0x2000fff8          --   Gb  command line/config [2]
__VECTOR_RAM {Abs}      0x1fff0000          --   Gb  command line/config [2]
__VECTOR_TABLE {Abs}    0x00000000          --   Gb  command line/config [2]
__aeabi_cdcmple         0x000034c1         Code  Gb  DblCmpLe.o [4]
__aeabi_cdrcmple        0x000036d1         Code  Gb  DblCmpGe.o [4]
__aeabi_cfcmple         0x000032e9         Code  Gb  FltCmpLe.o [4]
__aeabi_d2f             0x000020c1         Code  Gb  DblToFlt.o [4]
__aeabi_d2iz            0x000025f9         Code  Gb  DblToI32.o [4]
__aeabi_dadd            0x00002269         Code  Gb  DblAdd.o [4]
__aeabi_ddiv            0x00002ec1         Code  Gb  DblDiv.o [4]
__aeabi_dmul            0x00001f1d         Code  Gb  DblMul.o [4]
__aeabi_dsub            0x00002479         Code  Gb  DblSub.o [4]
__aeabi_f2d             0x00001ead         Code  Gb  FltToDbl.o [4]
__aeabi_f2iz            0x00001e69         Code  Gb  FltToS32.o [4]
__aeabi_f2uiz           0x000032c5         Code  Gb  FltToU32.o [4]
__aeabi_fadd            0x00001d0d         Code  Gb  FltAdd.o [4]
__aeabi_fdiv            0x00002351         Code  Gb  FltDiv.o [4]
__aeabi_fmul            0x00001d91         Code  Gb  FltMul.o [4]
__aeabi_fsub            0x00002181         Code  Gb  FltSub.o [4]
__aeabi_i2d             0x0000244d         Code  Gb  I32ToDbl.o [4]
__aeabi_i2f             0x00002151         Code  Gb  I32ToFlt.o [4]
__aeabi_memclr          0x00003bc9         Code  Gb  ABImemclr.o [5]
__cmain                 0x00003ca5         Code  Gb  cmain.o [5]
__code_start__ {Abs}    0x00000410          --   Gb  command line/config [2]
__exit                  0x00003cd1         Code  Gb  XXexit.o [5]
__iar_Atan              0x000034f1  0x148  Code  Gb  xatan.o [4]
__iar_Dtest             0x0000348d   0x32  Code  Gb  xdtest.o [4]
__iar_Memset_word       0x00003bd1         Code  Gb  ABImemset.o [5]
__iar_d2uiz             0x00002625         Code  Gb  DblToI32.o [4]
__iar_dadd              0x0000227d         Code  Gb  DblAdd.o [4]
__iar_data_init3        0x00003c6d   0x28  Code  Gb  data_init.o [5]
__iar_dsub              0x0000248d         Code  Gb  DblSub.o [4]
__iar_dsubStart         0x0000249f         Code  Gb  DblSub.o [4]
__iar_fadd              0x00001d1d         Code  Gb  FltAdd.o [4]
__iar_fsub              0x00002191         Code  Gb  FltSub.o [4]
__iar_fsubStart         0x000021a1         Code  Gb  FltSub.o [4]
__iar_program_start     0x00003cdd         Code  Gb  cstartup_M.o [5]
__iar_ui2d              0x00002461         Code  Gb  I32ToDbl.o [4]
__iar_ui2f              0x00002165         Code  Gb  I32ToFlt.o [4]
__iar_unaligned___aeabi_memcpy
                        0x00003b51         Code  Gb  ABImemcpy_unaligned.o [5]
__iar_unaligned___aeabi_memcpy4
                        0x00003b71         Code  Gb  ABImemcpy_unaligned.o [5]
__iar_unaligned___aeabi_memcpy8
                        0x00003b71         Code  Gb  ABImemcpy_unaligned.o [5]
__iar_zero_init3        0x00001efb   0x22  Code  Gb  zero_init3.o [5]
__vector_table          0x00000000  0x410  Data  Gb  vectors.o [1]
_call_main              0x00003cb1         Code  Gb  cmain.o [5]
_exit                   0x00003cc5         Code  Gb  cexit.o [5]
_main                   0x00003cbb         Code  Gb  cmain.o [5]
a                       0x00003690   0x40  Data  Lc  xatan.o [4]
accel_Y                 0x1fff04b4    0x4  Data  Gb  main.o [1]
adc_init                0x00002ccd   0xea  Code  Gb  MK60_adc.o [1]
adc_once                0x00002db7   0x36  Code  Gb  MK60_adc.o [1]
angle                   0x1fff0448    0x4  Data  Gb  filter.o [1]
angle_dot               0x1fff044c    0x4  Data  Gb  filter.o [1]
angle_zero              0x1fff04bc    0x4  Data  Gb  main.o [1]
atan2                   0x00002df5   0xcc  Code  Gb  atan2.o [4]
bm_key                  0x1fff04ac    0x4  Data  Gb  main.o [1]
bm_key0                 0x1fff04b0    0x4  Data  Gb  main.o [1]
bus_clk_khz             0x1fff0a20    0x4  Data  Gb  system_MK60DZ10.o [1]
common_startup          0x00003aab   0x48  Code  Gb  system_MK60DZ10.o [1]
core_clk_khz            0x1fff0a18    0x4  Data  Gb  system_MK60DZ10.o [1]
core_clk_mhz            0x1fff0a1c    0x4  Data  Gb  system_MK60DZ10.o [1]
data_to_send            0x1fff05f8   0x20  Data  Gb  main.o [1]
default_isr             0x00003ce9    0x2  Code  Gb  MK60_conf.o [1]
dt                      0x1fff045c    0x4  Data  Gb  filter.o [1]
exit                    0x00003cbf    0x4  Code  Gb  exit.o [3]
ftm_mod                 0x1fff0518    0xc  Data  Lc  MK60_ftm.o [1]
ftm_pwm_duty            0x00001c37   0x26  Code  Gb  MK60_ftm.o [1]
ftm_pwm_init            0x00001bb9   0x7e  Code  Gb  MK60_ftm.o [1]
ftm_quad_clean          0x00001cef    0x2  Code  Gb  MK60_ftm.o [1]
ftm_quad_get            0x00001ce3    0xc  Code  Gb  MK60_ftm.o [1]
ftm_quad_init           0x00001c5d   0x86  Code  Gb  MK60_ftm.o [1]
gpio_init               0x0000122d   0x42  Code  Gb  MK60_gpio.o [1]
gyro_Y                  0x1fff04b8    0x4  Data  Gb  main.o [1]
key                     0x1fff04a8    0x4  Data  Gb  main.o [1]
main                    0x00001903  0x17c  Code  Gb  main.o [1]
mcg_cfg                 0x1fff0538   0x44  Data  Gb  MK60_mcg.o [1]
mcg_div                 0x1fff057c    0x4  Data  Gb  MK60_mcg.o [1]
mcg_div_count           0x00003709  0x12c  Code  Gb  MK60_mcg.o [1]
oled_asc2_1206          0x000007c8  0x474  Data  Gb  oled.o [1]
oled_asc2_1608          0x00000c3c  0x5f0  Data  Gb  oled.o [1]
oled_hang               0x1fff0489    0x1  Data  Gb  main.o [1]
oled_show               0x00001819   0xea  Code  Gb  main.o [1]
pit_init                0x00003439   0x30  Code  Gb  MK60_PIT.o [1]
pll_init                0x00003835   0x7c  Code  Gb  MK60_mcg.o [1]
port_init               0x000012a9   0x2c  Code  Gb  MK60_port.o [1]
port_init_NoALT         0x000012d5   0x38  Code  Gb  MK60_port.o [1]
read_byte               0x00002a99  0x112  Code  Gb  IIC.o [1]
send_byte               0x000028bd  0x1da  Code  Gb  IIC.o [1]
set_sys_dividers        0x1fff05ad   0x3c  Code  Gb  MK60_mcg.o [1]
set_vector_handler      0x0000347b    0x8  Code  Gb  misc.o [1]
start                   0x00003a59   0x1e  Code  Gb  system_MK60DZ10.o [1]
sysinit                 0x00003a77   0x34  Code  Gb  system_MK60DZ10.o [1]
systick_delay_ms        0x00001275   0x2a  Code  Gb  MK60_SysTick.o [1]
t_0                     0x1fff047c    0x4  Data  Gb  filter.o [1]
t_1                     0x1fff0480    0x4  Data  Gb  filter.o [1]
tim                     0x1fff048a    0x1  Data  Gb  main.o [1]
turn                    0x000014d5   0x78  Code  Gb  main.o [1]
uart_init               0x00003149  0x148  Code  Gb  MK60_uart.o [1]
uart_putbuff            0x00003291   0x24  Code  Gb  MK60_uart.o [1]
velocity                0x0000142d   0xa8  Code  Gb  main.o [1]
wdog_disable            0x00003b25   0x26  Code  Gb  MK60_wdog.o [1]
write_vtor              0x00003475    0x6  Code  Gb  misc.o [1]
x1                      0x1fff0438    0x4  Data  Gb  filter.o [1]
x2                      0x1fff043c    0x4  Data  Gb  filter.o [1]
y1                      0x1fff0440    0x4  Data  Gb  filter.o [1]


[1] = D:\ESAT\freescale\begin\NEW_µç¸Ð\Prj\IAR\DZ10_Release\Obj
[2] = command line
[3] = dl7M_tlf.a
[4] = m7M_tl.a
[5] = rt7M_tl.a

  14 066 bytes of readonly  code memory
      60 bytes of readwrite code memory
   1 528 bytes of readonly  data memory
   1 496 bytes of readwrite data memory

Errors: none
Warnings: none
